[2026-01-31T17:46:29.169Z] SERVER RESTART: Listening on port 5000, PID=41880
[2026-01-31T17:46:29.168Z] SERVER RESTART: Listening on port 5000, PID=41904
[2026-01-31T17:49:27.543Z] SERVER RESTART: Listening on port 5000, PID=42744
[2026-01-31T17:49:27.543Z] SERVER RESTART: Listening on port 5000, PID=42872
[2026-01-31T17:49:37.259Z] SERVER RESTART: Listening on port 5000, PID=41996
[2026-01-31T17:49:37.267Z] SERVER RESTART: Listening on port 5000, PID=37252
[2026-01-31T17:55:24.823Z] SERVER RESTART: Listening on port 5000, PID=40608
[2026-01-31T17:55:24.822Z] SERVER RESTART: Listening on port 5000, PID=43860
[2026-01-31T17:55:43.316Z] SERVER RESTART: Listening on port 5000, PID=43964
[2026-01-31T17:55:43.348Z] SERVER RESTART: Listening on port 5000, PID=42936
[2026-01-31T17:56:22.915Z] SERVER RESTART: Listening on port 5000, PID=40728
[2026-01-31T17:56:24.661Z] SERVER RESTART: Listening on port 5000, PID=42432
[2026-01-31T17:56:44.321Z] SERVER RESTART: Listening on port 5000, PID=41760
[2026-01-31T17:56:44.340Z] SERVER RESTART: Listening on port 5000, PID=43588
[2026-01-31T17:57:13.743Z] SERVER RESTART: Listening on port 5000, PID=44204
[2026-01-31T17:57:13.748Z] SERVER RESTART: Listening on port 5000, PID=44256
[2026-01-31T17:58:14.877Z] SERVER RESTART: Listening on port 5000, PID=44200
[2026-01-31T17:58:14.882Z] SERVER RESTART: Listening on port 5000, PID=44700
[2026-01-31T17:59:04.861Z] SERVER RESTART: Listening on port 5000, PID=20992
[2026-01-31T17:59:04.884Z] SERVER RESTART: Listening on port 5000, PID=42656
[2026-01-31T18:05:32.922Z] SERVER RESTART: Listening on port 5000, PID=46928
[2026-01-31T18:05:32.946Z] SERVER RESTART: Listening on port 5000, PID=45220
[2026-01-31T18:06:10.284Z] SERVER RESTART: Listening on port 5000, PID=44808
[2026-01-31T18:06:10.492Z] SERVER RESTART: Listening on port 5000, PID=43668
[2026-01-31T18:06:16.087Z] SERVER RESTART: Listening on port 5000, PID=43476
[2026-01-31T18:06:16.087Z] SERVER RESTART: Listening on port 5000, PID=46360
[2026-01-31T18:06:40.925Z] SERVER RESTART: Listening on port 5000, PID=46588
[2026-01-31T18:06:41.197Z] SERVER RESTART: Listening on port 5000, PID=45624
[2026-01-31T18:07:23.453Z] SERVER RESTART: Listening on port 5000, PID=45080
[2026-01-31T18:07:23.614Z] SERVER RESTART: Listening on port 5000, PID=46944
[2026-01-31T18:20:45.857Z] SERVER RESTART: Listening on port 5000, PID=49520
[2026-01-31T18:20:45.857Z] SERVER RESTART: Listening on port 5000, PID=44036
[2026-01-31T18:26:23.914Z] SERVER RESTART: Listening on port 5000, PID=47844
[2026-01-31T18:26:24.697Z] SERVER RESTART: Listening on port 5000, PID=47268
[2026-01-31T18:26:28.206Z] SERVER RESTART: Listening on port 5000, PID=50280
[2026-01-31T18:26:28.247Z] SERVER RESTART: Listening on port 5000, PID=49256
[2026-01-31T18:26:43.604Z] SERVER RESTART: Listening on port 5000, PID=45984
[2026-01-31T18:26:43.621Z] SERVER RESTART: Listening on port 5000, PID=45772
[2026-01-31T18:28:35.302Z] SERVER RESTART: Listening on port 5000, PID=50900
[2026-01-31T18:28:35.303Z] SERVER RESTART: Listening on port 5000, PID=30156
[2026-01-31T18:42:38.224Z] SERVER RESTART: Listening on port 5000, PID=37688
[2026-01-31T18:42:38.229Z] SERVER RESTART: Listening on port 5000, PID=44968
[2026-01-31T18:47:02.537Z] SERVER RESTART: Listening on port 5000, PID=54224
[2026-01-31T18:47:02.714Z] SERVER RESTART: Listening on port 5000, PID=54332
[2026-01-31T19:30:32.938Z] SERVER RESTART: Listening on port 5000, PID=65904
[2026-01-31T19:30:54.930Z] SERVER RESTART: Listening on port 5000, PID=67068
[2026-02-01T16:09:16.166Z] SERVER RESTART: Listening on port 5000, PID=10940
[2026-02-01T16:13:31.653Z] SERVER RESTART: Listening on port 5000, PID=11816
[2026-02-01T16:33:02.767Z] SERVER RESTART: Listening on port 5000, PID=1196
[2026-02-01T16:33:16.680Z] SERVER RESTART: Listening on port 5000, PID=7976
[2026-02-01T16:33:40.797Z] SERVER RESTART: Listening on port 5000, PID=6272
[2026-02-01T16:33:47.373Z] SERVER RESTART: Listening on port 5000, PID=20508
[2026-02-01T16:33:56.756Z] SERVER RESTART: Listening on port 5000, PID=27236
[2026-02-01T16:34:04.512Z] SERVER RESTART: Listening on port 5000, PID=20668
[2026-02-01T16:34:21.010Z] SERVER RESTART: Listening on port 5000, PID=5684
[2026-02-01T16:35:23.525Z] SERVER RESTART: Listening on port 5000, PID=26112
[2026-02-01T16:39:48.779Z] SERVER RESTART: Listening on port 5000, PID=9696
[2026-02-01T16:41:20.351Z] SERVER RESTART: Listening on port 5000, PID=26516
[2026-02-01T16:41:28.664Z] SERVER RESTART: Listening on port 5000, PID=20804
[2026-02-01T16:41:34.514Z] SERVER RESTART: Listening on port 5000, PID=22184
[2026-02-01T16:41:42.110Z] SERVER RESTART: Listening on port 5000, PID=27484
[2026-02-01T16:41:49.701Z] SERVER RESTART: Listening on port 5000, PID=12128
[2026-02-01T16:42:54.981Z] SERVER RESTART: Listening on port 5000, PID=9012
[2026-02-01T16:49:39.352Z] SERVER RESTART: Listening on port 5000, PID=1448
[2026-02-01T16:50:02.646Z] SERVER RESTART: Listening on port 5000, PID=9312
[2026-02-01T16:50:19.632Z] SERVER RESTART: Listening on port 5000, PID=22124
[2026-02-01T16:54:43.558Z] SERVER RESTART: Listening on port 5000, PID=26764
[2026-02-01T16:55:23.845Z] SERVER RESTART: Listening on port 5000, PID=10632
[2026-02-01T16:56:08.456Z] SERVER RESTART: Listening on port 5000, PID=26404
[2026-02-01T16:58:58.381Z] SERVER RESTART: Listening on port 5000, PID=25792
[2026-02-01T16:59:04.582Z] SERVER RESTART: Listening on port 5000, PID=11384
[2026-02-01T16:59:50.953Z] SERVER RESTART: Listening on port 5000, PID=23044
[2026-02-01T17:35:09.138Z] SERVER RESTART: Listening on port 5000, PID=21632
[2026-02-01T17:35:24.377Z] SERVER RESTART: Listening on port 5000, PID=24720
[2026-02-01T18:23:28.085Z] SERVER RESTART: Listening on port 5000, PID=26216
[2026-02-02T18:40:50.719Z] SERVER RESTART: Listening on port 5000, PID=9532
[2026-02-02T18:44:24.561Z] SERVER RESTART: Listening on port 5000, PID=23100
[2026-02-02T18:44:33.549Z] SERVER RESTART: Listening on port 5000, PID=8968
[2026-02-04T16:29:27.582Z] SERVER RESTART: Listening on port 5000, PID=9812
[2026-02-04T17:20:31.630Z] SERVER RESTART: Listening on port 5000, PID=13252
[2026-02-04T17:20:41.036Z] SERVER RESTART: Listening on port 5000, PID=19348
[2026-02-04T17:27:39.288Z] SERVER RESTART: Listening on port 5000, PID=18112
[2026-02-04T17:50:16.382Z] SERVER RESTART: Listening on port 5000, PID=29832
[2026-02-04T17:50:21.545Z] SERVER RESTART: Listening on port 5000, PID=27140
[2026-02-04T17:50:56.505Z] SERVER RESTART: Listening on port 5000, PID=16568
[2026-02-04T17:51:10.961Z] SERVER RESTART: Listening on port 5000, PID=6504
[2026-02-04T17:59:06.561Z] SERVER RESTART: Listening on port 5000, PID=28832
[2026-02-04T18:01:09.434Z] SERVER RESTART: Listening on port 5000, PID=22208
[2026-02-04T18:01:17.154Z] SERVER RESTART: Listening on port 5000, PID=3348
[2026-02-04T18:01:46.021Z] SERVER RESTART: Listening on port 5000, PID=27124
[2026-02-04T18:01:54.868Z] SERVER RESTART: Listening on port 5000, PID=4972
[2026-02-04T18:11:50.505Z] SERVER RESTART: Listening on port 5000, PID=28580
[2026-02-04T18:17:55.132Z] SERVER RESTART: Listening on port 5000, PID=2844
[2026-02-04T18:18:03.486Z] SERVER RESTART: Listening on port 5000, PID=27200
[2026-02-04T18:18:11.604Z] SERVER RESTART: Listening on port 5000, PID=4152
[2026-02-04T18:18:37.728Z] SERVER RESTART: Listening on port 5000, PID=5144
[2026-02-04T18:19:28.959Z] SERVER RESTART: Listening on port 5000, PID=11852
[2026-02-04T18:26:19.895Z] SERVER RESTART: Listening on port 5000, PID=18576
[2026-02-04T18:29:33.741Z] SERVER RESTART: Listening on port 5000, PID=30024
[2026-02-04T18:31:48.564Z] SERVER RESTART: Listening on port 5000, PID=11676
[2026-02-05T16:01:19.935Z] SERVER RESTART: Listening on port 5000, PID=23956
[2026-02-05T16:21:42.513Z] SERVER RESTART: Listening on port 5000, PID=20856
[2026-02-05T16:27:58.599Z] SERVER RESTART: Listening on port 5000, PID=22096
[2026-02-05T16:31:59.459Z] SERVER RESTART: Listening on port 5000, PID=21304
[2026-02-05T16:32:19.135Z] SERVER RESTART: Listening on port 5000, PID=21460
[2026-02-05T16:45:42.313Z] SERVER RESTART: Listening on port 5000, PID=25212
[2026-02-05T16:48:06.055Z] SERVER RESTART: Listening on port 5000, PID=21956
[2026-02-05T16:52:09.286Z] SERVER RESTART: Listening on port 5000, PID=23476
[2026-02-05T16:52:31.144Z] SERVER RESTART: Listening on port 5000, PID=24304
[2026-02-05T16:55:16.228Z] SERVER RESTART: Listening on port 5000, PID=20668
[2026-02-05T17:04:40.321Z] SERVER RESTART: Listening on port 5000, PID=24648
[2026-02-05T17:10:23.940Z] SERVER RESTART: Listening on port 5000, PID=24304
[2026-02-05T17:17:15.391Z] SERVER RESTART: Listening on port 5000, PID=23752
[2026-02-05T17:24:04.371Z] SERVER RESTART: Listening on port 5000, PID=16964
[2026-02-05T17:27:15.461Z] SERVER RESTART: Listening on port 5000, PID=22212
[2026-02-05T17:30:22.816Z] SERVER RESTART: Listening on port 5000, PID=24540
[2026-02-05T17:36:52.600Z] SERVER RESTART: Listening on port 5000, PID=22164
[2026-02-05T17:54:08.262Z] SERVER RESTART: Listening on port 5000, PID=24068
[2026-02-05T18:01:55.066Z] SERVER RESTART: Listening on port 5000, PID=17172
[2026-02-05T18:05:30.188Z] SERVER RESTART: Listening on port 5000, PID=20956
[2026-02-06T13:57:26.707Z] SERVER RESTART: Listening on port 5000, PID=26016
[2026-02-06T14:03:50.587Z] SERVER RESTART: Listening on port 5000, PID=18692
[2026-02-06T14:15:27.084Z] SERVER RESTART: Listening on port 5000, PID=18180
[2026-02-06T14:29:41.520Z] SERVER RESTART: Listening on port 5000, PID=25640
[2026-02-06T14:30:13.920Z] SERVER RESTART: Listening on port 5000, PID=30432
[2026-02-06T15:06:54.819Z] SERVER RESTART: Listening on port 5000, PID=14324
[2026-02-06T15:07:51.912Z] SERVER RESTART: Listening on port 5000, PID=22664
[2026-02-06T15:08:14.754Z] SERVER RESTART: Listening on port 5000, PID=3584
[2026-02-06T15:10:12.550Z] SERVER RESTART: Listening on port 5000, PID=11104
[2026-02-06T15:29:48.680Z] SERVER RESTART: Listening on port 5000, PID=28452
[2026-02-06T15:34:12.992Z] SERVER RESTART: Listening on port 5000, PID=13700
[2026-02-06T16:21:28.222Z] SERVER RESTART: Listening on port 5000, PID=9680
[2026-02-06T16:22:20.385Z] SERVER RESTART: Listening on port 5000, PID=31616
[2026-02-06T16:22:44.836Z] SERVER RESTART: Listening on port 5000, PID=27808
[2026-02-06T16:27:26.998Z] SERVER RESTART: Listening on port 5000, PID=21352
[2026-02-06T16:41:06.197Z] SERVER RESTART: Listening on port 5000, PID=23432
[2026-02-06T19:08:52.673Z] SERVER RESTART: Listening on port 5000, PID=31644
[2026-02-08T17:57:42.571Z] SERVER RESTART: Listening on port 5000, PID=32760
[2026-02-08T18:05:03.074Z] SERVER RESTART: Listening on port 5000, PID=34288
[2026-02-08T18:05:11.028Z] SERVER RESTART: Listening on port 5000, PID=15248
[2026-02-08T18:05:24.829Z] SERVER RESTART: Listening on port 5000, PID=29296
[2026-02-08T18:05:35.725Z] SERVER RESTART: Listening on port 5000, PID=4628
[2026-02-08T18:05:47.508Z] SERVER RESTART: Listening on port 5000, PID=22468
[2026-02-08T18:10:10.352Z] SERVER RESTART: Listening on port 5000, PID=9236
[2026-02-08T18:17:03.093Z] SERVER RESTART: Listening on port 5000, PID=4208
[2026-02-08T18:19:47.425Z] SERVER RESTART: Listening on port 5000, PID=27552
[2026-02-08T18:19:52.620Z] SERVER RESTART: Listening on port 5000, PID=13960
[2026-02-08T18:25:48.790Z] SERVER RESTART: Listening on port 5000, PID=33364
[2026-02-08T18:33:47.157Z] SERVER RESTART: Listening on port 5000, PID=21060
[2026-02-08T18:33:56.119Z] SERVER RESTART: Listening on port 5000, PID=6860
[2026-02-08T18:34:08.363Z] SERVER RESTART: Listening on port 5000, PID=23564
[2026-02-08T18:34:19.987Z] SERVER RESTART: Listening on port 5000, PID=32564
[2026-02-08T18:34:41.530Z] SERVER RESTART: Listening on port 5000, PID=5080
[2026-02-08T18:35:38.817Z] SERVER RESTART: Listening on port 5000, PID=22060
[2026-02-08T18:35:48.667Z] SERVER RESTART: Listening on port 5000, PID=32348
[2026-02-08T18:37:54.582Z] SERVER RESTART: Listening on port 5000, PID=31740
[2026-02-08T18:41:39.849Z] SERVER RESTART: Listening on port 5000, PID=34264
[2026-02-08T19:41:57.515Z] SERVER RESTART: Listening on port 5000, PID=29244
[2026-02-09T13:23:18.075Z] SERVER RESTART: Listening on port 5000, PID=7996
[2026-02-09T13:23:41.938Z] SERVER RESTART: Listening on port 5000, PID=29944
[2026-02-09T13:24:52.938Z] SERVER RESTART: Listening on port 5000, PID=8968
[2026-02-09T13:25:14.081Z] SERVER RESTART: Listening on port 5000, PID=13868
[2026-02-09T13:25:23.267Z] SERVER RESTART: Listening on port 5000, PID=33748
[2026-02-09T13:28:52.972Z] SERVER RESTART: Listening on port 5000, PID=21424
[2026-02-09T13:29:19.198Z] SERVER RESTART: Listening on port 5000, PID=6240
[2026-02-09T13:30:29.052Z] SERVER RESTART: Listening on port 5000, PID=16276
[2026-02-09T13:30:37.200Z] SERVER RESTART: Listening on port 5000, PID=31964
[2026-02-09T13:37:56.750Z] SERVER RESTART: Listening on port 5000, PID=9432
[2026-02-09T13:38:15.791Z] SERVER RESTART: Listening on port 5000, PID=15124
[2026-02-09T13:38:22.866Z] SERVER RESTART: Listening on port 5000, PID=15112
[2026-02-09T13:40:31.073Z] SERVER RESTART: Listening on port 5000, PID=17400
[2026-02-09T13:40:39.762Z] SERVER RESTART: Listening on port 5000, PID=15664
[2026-02-09T13:44:28.068Z] SERVER RESTART: Listening on port 5000, PID=32300
[2026-02-09T13:51:35.874Z] SERVER RESTART: Listening on port 5000, PID=23160
[2026-02-09T13:51:49.991Z] SERVER RESTART: Listening on port 5000, PID=17780
[2026-02-09T13:59:16.261Z] SERVER RESTART: Listening on port 5000, PID=14664
[2026-02-09T14:00:58.143Z] SERVER RESTART: Listening on port 5000, PID=23428
[2026-02-09T14:01:09.870Z] SERVER RESTART: Listening on port 5000, PID=30748
[2026-02-09T14:01:20.072Z] SERVER RESTART: Listening on port 5000, PID=13916
[2026-02-09T14:01:51.542Z] SERVER RESTART: Listening on port 5000, PID=17224
[2026-02-09T14:02:16.381Z] SERVER RESTART: Listening on port 5000, PID=9560
[2026-02-09T14:02:30.799Z] SERVER RESTART: Listening on port 5000, PID=7024
[2026-02-09T14:03:22.887Z] SERVER RESTART: Listening on port 5000, PID=28636
[2026-02-09T14:03:30.134Z] SERVER RESTART: Listening on port 5000, PID=23136
[2026-02-09T14:04:30.065Z] SERVER RESTART: Listening on port 5000, PID=19168
[2026-02-09T14:04:39.170Z] SERVER RESTART: Listening on port 5000, PID=5100
[2026-02-09T14:05:58.196Z] SERVER RESTART: Listening on port 5000, PID=14072
[2026-02-09T14:06:37.828Z] SERVER RESTART: Listening on port 5000, PID=30464
[2026-02-09T14:07:14.282Z] SERVER RESTART: Listening on port 5000, PID=13188
[2026-02-09T14:07:34.133Z] SERVER RESTART: Listening on port 5000, PID=30124
[2026-02-09T14:08:25.403Z] SERVER RESTART: Listening on port 5000, PID=21236
[2026-02-09T14:08:51.971Z] SERVER RESTART: Listening on port 5000, PID=14260
[2026-02-09T14:09:11.943Z] SERVER RESTART: Listening on port 5000, PID=33760
🔍 [RulesEngine] Curiosity Data Debug: linksCount=0, metaCount=0
📤 Sending Response. ID: 6989ea8fffb9e8115b067d81, Links: 0
[2026-02-09T14:09:21.928Z] SERVER RESTART: Listening on port 5000, PID=20220
[2026-02-09T14:10:19.889Z] SERVER RESTART: Listening on port 5000, PID=408
🔗 [LinkScanner] rawUrls: 1 [101nitro.com]
[2026-02-09T14:10:29.476Z] SERVER RESTART: Listening on port 5000, PID=18812
[2026-02-09T14:11:00.935Z] SERVER RESTART: Listening on port 5000, PID=18672
🔗 [LinkScanner] rawUrls: 1 [101nitro.com]
[2026-02-09T14:11:09.225Z] SERVER RESTART: Listening on port 5000, PID=28836
[2026-02-09T14:11:33.227Z] SERVER RESTART: Listening on port 5000, PID=34524
🔗 [LinkScanner] rawUrls: 1 [101nitro.com]
❌ [LinkScanner] Loop Error: h.split is not a function
🔍 [RulesEngine] Curiosity Data Debug: linksCount=0, metaCount=0
📤 Sending Response. ID: 6989eb1a3f586a9138b8afc1, Links: 0
[2026-02-09T14:11:40.709Z] SERVER RESTART: Listening on port 5000, PID=14504
[2026-02-09T14:12:00.138Z] SERVER RESTART: Listening on port 5000, PID=29184
[2026-02-09T14:12:11.643Z] SERVER RESTART: Listening on port 5000, PID=8640
[2026-02-09T14:12:19.299Z] SERVER RESTART: Listening on port 5000, PID=34608
[2026-02-09T14:12:27.420Z] SERVER RESTART: Listening on port 5000, PID=25648
[2026-02-09T14:12:48.651Z] SERVER RESTART: Listening on port 5000, PID=11276
[2026-02-09T14:13:16.146Z] SERVER RESTART: Listening on port 5000, PID=14080
[2026-02-09T14:30:08.750Z] SERVER RESTART: Listening on port 5000, PID=28860
[2026-02-09T15:02:45.435Z] SERVER RESTART: Listening on port 5000, PID=15116
[2026-02-09T15:23:25.881Z] SERVER RESTART: Listening on port 5000, PID=10300
[2026-02-09T15:55:42.031Z] SERVER RESTART: Listening on port 5000, PID=23236
[2026-02-09T15:56:08.407Z] SERVER RESTART: Listening on port 5000, PID=28468
[2026-02-09T15:56:29.517Z] SERVER RESTART: Listening on port 5000, PID=17056
